  Sprint_5.c
Sprint_5.c(94): warning C4018: '<' : incompatibilité signed/unsigned
Sprint_5.c(92): warning C4477: 'scanf' : la chaîne de format '%s' nécessite un argument de type 'char *', mais l'argument variadique 1 est de type 'const unsigned char *'
Sprint_5.c(104): warning C4018: '<' : incompatibilité signed/unsigned
Sprint_5.c(117): warning C4018: '<' : incompatibilité signed/unsigned
Sprint_5.c(133): warning C4018: '<' : incompatibilité signed/unsigned
Sprint_5.c(150): warning C4018: '<' : incompatibilité signed/unsigned
Sprint_5.c(153): warning C4047: '=' : les niveaux d'indirection de 'unsigned int' et de 'void *' sont différents
Sprint_5.c(175): warning C4018: '<' : incompatibilité signed/unsigned
Sprint_5.c(190): warning C4090: 'fonction' : qualificateurs 'const' différents
Sprint_5.c(191): warning C4047: 'fonction' : les niveaux d'indirection de 'char *' et de 'char (*)[31]' sont différents
Sprint_5.c(191): warning C4024: 'strcpy' : types différents pour le paramètre formel et réel 1
Sprint_5.c(192): warning C4018: '<' : incompatibilité signed/unsigned
Sprint_5.c(197): warning C4047: 'fonction' : les niveaux d'indirection de 'char *' et de 'unsigned int' sont différents
Sprint_5.c(197): warning C4024: 'strcpy' : types différents pour le paramètre formel et réel 1
Sprint_5.c(214): warning C4018: '<' : incompatibilité signed/unsigned
Sprint_5.c(221): warning C4018: '<' : incompatibilité signed/unsigned
Sprint_5.c(239): warning C4047: 'fonction' : les niveaux d'indirection de 'const char *' et de 'char (*)[31]' sont différents
Sprint_5.c(239): warning C4024: 'atoi' : types différents pour le paramètre formel et réel 1
Sprint_5.c(244): warning C4047: 'fonction' : les niveaux d'indirection de 'const char *' et de 'char (*)[31]' sont différents
Sprint_5.c(244): warning C4024: 'atof' : types différents pour le paramètre formel et réel 1
  Génération de code en cours
  2 of 16 functions (12.5%) were compiled, the rest were copied from previous compilation.
    0 functions were new in current compilation
    0 functions had inline decision re-evaluated but remain unchanged
  Fin de la génération du code
  Sprint_5.vcxproj -> C:\Users\Sacha\Google Drive\Cours\IAP\Projet\Sprint_5\Release\Sprint_5.exe
